RAM Allocation [bytes]
Variable                                                                          Address   Size
------------------------------------------------------------------------------------------------
_base_y                                                                           0x0271       4
_seed                                                                             0x0275       4

EEPROM Allocation [bytes]
Variable                                                                          Address   Size
------------------------------------------------------------------------------------------------

Register Allocation
Variable                                                                          Register  Size
------------------------------------------------------------------------------------------------
_lcd_x                                                                            R5           1
_lcd_y                                                                            R4           1
_lcd_maxx                                                                         R7           1

FLASH Allocation [words]
Function                                                                          Address   Size
------------------------------------------------------------------------------------------------
read_keypad                                                                       0x00071     81
cleaner                                                                           0x000C2     26
main                                                                              0x000DC    227
_lcd_write_nibble_G100                                                            0x001BF     20
_lcd_write_data                                                                   0x001D3     12
lcd_gotoxy                                                                        0x001DF     13
lcd_clear                                                                         0x001EC     12
lcd_putchar                                                                       0x001F8     21
lcd_puts                                                                          0x0020D     17
lcd_init                                                                          0x0021E     45
atoi                                                                              0x0024B     55
itoa                                                                              0x00282     46
isdigit                                                                           0x002B0      9
isspace                                                                           0x002B9     11
